--------------------------------------------------------------------------------------
Timing Analyzer Summary
--------------------------------------------------------------------------------------

Type           : Worst-case tsu
Slack          : N/A
Required Time  : None
Actual Time    : 2.159 ns
From           : main_reset
To             : div_10hz:p7|clktmp1
From Clock     : --
To Clock       : main_clk
Failed Paths   : 0

Type           : Worst-case tco
Slack          : N/A
Required Time  : None
Actual Time    : 22.011 ns
From           : dot_display:p3|tempR[2]
To             : main_outputR[2]
From Clock     : main_clk
To Clock       : --
Failed Paths   : 0

Type           : Worst-case th
Slack          : N/A
Required Time  : None
Actual Time    : 2.824 ns
From           : main_BTN0
To             : state_core:p2|nx_state[0]
From Clock     : --
To Clock       : main_clk
Failed Paths   : 0

Type           : Clock Setup: 'main_clk'
Slack          : N/A
Required Time  : None
Actual Time    : 14.50 MHz ( period = 68.954 ns )
From           : game_core:p1|score2[1]
To             : game_core:p1|tube_number[0]
From Clock     : main_clk
To Clock       : main_clk
Failed Paths   : 0

Type           : Clock Hold: 'main_clk'
Slack          : Not operational: Clock Skew > Data Delay
Required Time  : None
Actual Time    : N/A
From           : tube_display:p4|i[2]
To             : dot_display:p3|tempR[2]
From Clock     : main_clk
To Clock       : main_clk
Failed Paths   : 186

Type           : Total number of failed paths
Slack          : 
Required Time  : 
Actual Time    : 
From           : 
To             : 
From Clock     : 
To Clock       : 
Failed Paths   : 186

--------------------------------------------------------------------------------------

